I'm sorry, but errors were detected in your script. Please correct the
errors listed below, and try again.


File "game/script.rpy", line 583: end of line expected.
    hide ym,om
           ^

Ren'Py Version: Ren'Py 8.5.0.25111603
Mon Jan 26 17:43:31 2026
